    4.9s  baseline pulses=1120 samples=94600 sat=0
    9.8s  samples+ 5001  pulses+   20  rate=  4.00/s  total=1140  sat=0
   14.9s  samples+ 5001  pulses+  121  rate= 24.20/s  total=1261  sat=0
   19.8s  samples+ 5001  pulses+   80  rate= 16.00/s  total=1341  sat=0
   24.9s  samples+ 5001  pulses+   81  rate= 16.20/s  total=1422  sat=0
   29.8s  samples+ 5001  pulses+  109  rate= 21.80/s  total=1531  sat=0
   34.9s  samples+ 5001  pulses+  162  rate= 32.39/s  total=1693  sat=0
   39.8s  samples+ 5001  pulses+  178  rate= 35.59/s  total=1871  sat=0
   44.9s  samples+ 5001  pulses+  166  rate= 33.19/s  total=2037  sat=0
   49.8s  samples+ 5001  pulses+  163  rate= 32.59/s  total=2200  sat=0
   54.9s  samples+ 5001  pulses+  159  rate= 31.79/s  total=2359  sat=0
   59.8s  samples+ 5001  pulses+  164  rate= 32.79/s  total=2523  sat=0
   64.8s  samples+ 5001  pulses+  160  rate= 31.99/s  total=2683  sat=0
   69.9s  samples+ 5001  pulses+  156  rate= 31.19/s  total=2839  sat=0
   74.8s  samples+ 5001  pulses+  159  rate= 31.79/s  total=2998  sat=0
   79.9s  samples+ 5001  pulses+  156  rate= 31.19/s  total=3154  sat=0
   84.8s  samples+ 5001  pulses+   13  rate=  2.60/s  total=3167  sat=0
   89.9s  samples+ 5001  pulses+  133  rate= 26.59/s  total=3300  sat=0
   94.8s  samples+ 5001  pulses+  158  rate= 31.59/s  total=3458  sat=0
   99.9s  samples+ 5001  pulses+  129  rate= 25.79/s  total=3587  sat=0
  104.9s  samples+ 5001  pulses+  148  rate= 29.59/s  total=3735  sat=0
  109.8s  samples+ 5001  pulses+  120  rate= 24.00/s  total=3855  sat=0
  114.9s  samples+ 5001  pulses+    8  rate=  1.60/s  total=3863  sat=0
  119.8s  samples+ 5001  pulses+   11  rate=  2.20/s  total=3874  sat=0
  124.9s  samples+ 5001  pulses+    2  rate=  0.40/s  total=3876  sat=0
  129.8s  samples+ 5001  pulses+    7  rate=  1.40/s  total=3883  sat=0
  134.9s  samples+ 5001  pulses+    5  rate=  1.00/s  total=3888  sat=0
  140.0s  samples+ 5001  pulses+  100  rate= 20.00/s  total=3988  sat=0
  144.8s  samples+ 5000  pulses+  174  rate= 34.80/s  total=4162  sat=0
  149.9s  samples+ 5002  pulses+  142  rate= 28.39/s  total=4304  sat=0
  154.8s  samples+ 5001  pulses+    3  rate=  0.60/s  total=4307  sat=0
  159.9s  samples+ 5001  pulses+    0  rate=  0.00/s  total=4307  sat=0
  164.9s  samples+ 5001  pulses+    0  rate=  0.00/s  total=4307  sat=0
  169.8s  samples+ 5001  pulses+    6  rate=  1.20/s  total=4313  sat=0
  174.9s  samples+ 5001  pulses+    0  rate=  0.00/s  total=4313  sat=0
