    1.8s  baseline pulses=4401 samples=334647 sat=0
    6.7s  samples+ 5001  pulses+  163  rate= 32.59/s  total=4564  sat=0
   11.8s  samples+ 5001  pulses+  154  rate= 30.79/s  total=4718  sat=0
   16.7s  samples+ 5001  pulses+  167  rate= 33.39/s  total=4885  sat=0
   21.8s  samples+ 5001  pulses+  152  rate= 30.39/s  total=5037  sat=0
   26.7s  samples+ 5001  pulses+  150  rate= 29.99/s  total=5187  sat=0
   31.8s  samples+ 5001  pulses+  151  rate= 30.19/s  total=5338  sat=0
   36.7s  samples+ 5001  pulses+  141  rate= 28.19/s  total=5479  sat=0
   41.8s  samples+ 5001  pulses+  139  rate= 27.79/s  total=5618  sat=0
   46.9s  samples+ 5001  pulses+   32  rate=  6.40/s  total=5650  sat=0
   51.8s  samples+ 5001  pulses+   74  rate= 14.80/s  total=5724  sat=0
   56.9s  samples+ 5001  pulses+   24  rate=  4.80/s  total=5748  sat=0
   61.8s  samples+ 5001  pulses+   95  rate= 19.00/s  total=5843  sat=0
   66.9s  samples+ 5001  pulses+    7  rate=  1.40/s  total=5850  sat=0
   71.7s  samples+ 5001  pulses+   57  rate= 11.40/s  total=5907  sat=0
   76.8s  samples+ 5001  pulses+  124  rate= 24.80/s  total=6031  sat=0
   81.7s  samples+ 5001  pulses+  146  rate= 29.19/s  total=6177  sat=0
   86.8s  samples+ 5001  pulses+  158  rate= 31.59/s  total=6335  sat=0
   91.7s  samples+ 5001  pulses+  154  rate= 30.79/s  total=6489  sat=0
   96.8s  samples+ 5001  pulses+  160  rate= 31.99/s  total=6649  sat=0
  101.7s  samples+ 5001  pulses+  142  rate= 28.39/s  total=6791  sat=0
  106.8s  samples+ 5001  pulses+  159  rate= 31.79/s  total=6950  sat=0
  111.7s  samples+ 5001  pulses+  135  rate= 26.99/s  total=7085  sat=0
  116.8s  samples+ 5001  pulses+   52  rate= 10.40/s  total=7137  sat=0
  121.7s  samples+ 5001  pulses+   13  rate=  2.60/s  total=7150  sat=0
  126.8s  samples+ 5001  pulses+   50  rate= 10.00/s  total=7200  sat=0
  131.7s  samples+ 5001  pulses+  149  rate= 29.79/s  total=7349  sat=0
  136.9s  samples+ 5001  pulses+  173  rate= 34.59/s  total=7522  sat=0
  141.8s  samples+ 5001  pulses+  214  rate= 42.79/s  total=7736  sat=0
  146.9s  samples+ 5001  pulses+  107  rate= 21.40/s  total=7843  sat=0
  151.8s  samples+ 5001  pulses+  156  rate= 31.19/s  total=7999  sat=0
  156.8s  samples+ 5001  pulses+   44  rate=  8.80/s  total=8043  sat=0
  161.7s  samples+ 5001  pulses+  172  rate= 34.39/s  total=8215  sat=0
  166.8s  samples+ 5001  pulses+  270  rate= 53.99/s  total=8485  sat=0
  171.9s  samples+ 5001  pulses+  261  rate= 52.19/s  total=8746  sat=0
  176.8s  samples+ 5001  pulses+  237  rate= 47.39/s  total=8983  sat=0
  181.9s  samples+ 5001  pulses+  149  rate= 29.79/s  total=9132  sat=0
  186.8s  samples+ 5001  pulses+  172  rate= 34.39/s  total=9304  sat=1
  191.9s  samples+ 5001  pulses+   69  rate= 13.80/s  total=9373  sat=1
